// Jest Snapshot v1, https://goo.gl/fbAQLP

exports[`App test App should match snapshot 1`] = `
<div
  className="app"
>
  <div
    className="list-books"
  >
    <div
      className="list-books-title"
    >
      <h1>
        MyReads
      </h1>
    </div>
    <div
      className="list-books-content"
    >
      <div />
    </div>
    <div
      className="open-search"
    >
      <a
        href="/search"
        onClick={[Function]}
      >
        Add a book
      </a>
    </div>
  </div>
</div>
`;
